06-11 19:16:52 com_github_MitjaNemec_ReplicateLayout.action_replicate_layout 392:Plugin executed on: 'linux'
06-11 19:16:52 com_github_MitjaNemec_ReplicateLayout.action_replicate_layout 393:Plugin executed with python version: '3.11.9 (main, Nov 10 2011, 15:00:00) [GCC 13.2.0]'
06-11 19:16:52 com_github_MitjaNemec_ReplicateLayout.action_replicate_layout 394:KiCad build version: 8.0.2
06-11 19:16:52 com_github_MitjaNemec_ReplicateLayout.action_replicate_layout 395:Plugin version: 3.0.3
06-11 19:16:52 com_github_MitjaNemec_ReplicateLayout.action_replicate_layout 396:Frame repr: <wx._core.Frame object at 0x7db0057a53f0>
06-11 19:16:52 com_github_MitjaNemec_ReplicateLayout.action_replicate_layout 420:Preparing replicator with U16 as a reference
06-11 19:16:52 com_github_MitjaNemec_ReplicateLayout.replicate_layout 117:getting a list of all footprints on board
06-11 19:16:52 com_github_MitjaNemec_ReplicateLayout.action_replicate_layout 468:source anchor footprint is 'U16'
Located on: ['MASTER_L']
With filenames: ['MASTER.kicad_sch']
With sheet_id:['MASTER_L']
06-11 19:16:52 com_github_MitjaNemec_ReplicateLayout.action_replicate_layout 475:Corresponding footprints are 
[('U17', ['MASTER_R']), ('U16', ['MASTER_L'])]
06-11 19:16:52 com_github_MitjaNemec_ReplicateLayout.action_replicate_layout 487:Showing dialog
06-11 19:16:52 com_github_MitjaNemec_ReplicateLayout.replicate_layout 472:constructing a list of sheets suitable for replication on level:'MASTER_L', file:'MASTER.kicad_sch'
06-11 19:16:52 com_github_MitjaNemec_ReplicateLayout.replicate_layout 509:suitable sheets are:[['MASTER_R']]
06-11 19:16:52 com_github_MitjaNemec_ReplicateLayout.replicate_layout 1507:Level selected: ['MASTER_L']
06-11 19:16:52 com_github_MitjaNemec_ReplicateLayout.replicate_layout 1331:Filtering list of tracks
06-11 19:16:52 com_github_MitjaNemec_ReplicateLayout.action_replicate_layout 493:Toolbar position: wx.Point(1541, 1246)
06-11 19:16:52 com_github_MitjaNemec_ReplicateLayout.action_replicate_layout 498:Dialog position: wx.Point(1102, 1246)
06-11 19:16:54 com_github_MitjaNemec_ReplicateLayout.replicate_layout 472:constructing a list of sheets suitable for replication on level:'MASTER_L', file:'MASTER.kicad_sch'
06-11 19:16:54 com_github_MitjaNemec_ReplicateLayout.replicate_layout 509:suitable sheets are:[['MASTER_R']]
06-11 19:16:55 com_github_MitjaNemec_ReplicateLayout.replicate_layout 1507:Level selected: ['MASTER_L']
06-11 19:16:55 com_github_MitjaNemec_ReplicateLayout.replicate_layout 472:constructing a list of sheets suitable for replication on level:'MASTER_L', file:'MASTER.kicad_sch'
06-11 19:16:55 com_github_MitjaNemec_ReplicateLayout.replicate_layout 509:suitable sheets are:[['MASTER_R']]
06-11 19:16:55 com_github_MitjaNemec_ReplicateLayout.replicate_layout 1507:Level selected: ['MASTER_L']
06-11 19:16:56 com_github_MitjaNemec_ReplicateLayout.replicate_layout 472:constructing a list of sheets suitable for replication on level:'MASTER_L', file:'MASTER.kicad_sch'
06-11 19:16:56 com_github_MitjaNemec_ReplicateLayout.replicate_layout 509:suitable sheets are:[['MASTER_R']]
06-11 19:16:56 com_github_MitjaNemec_ReplicateLayout.replicate_layout 1507:Level selected: ['MASTER_L']
06-11 19:16:56 com_github_MitjaNemec_ReplicateLayout.replicate_layout 472:constructing a list of sheets suitable for replication on level:'MASTER_L', file:'MASTER.kicad_sch'
06-11 19:16:56 com_github_MitjaNemec_ReplicateLayout.replicate_layout 509:suitable sheets are:[['MASTER_R']]
06-11 19:16:56 com_github_MitjaNemec_ReplicateLayout.replicate_layout 1507:Level selected: ['MASTER_L']
06-11 19:17:02 com_github_MitjaNemec_ReplicateLayout.replicate_layout 472:constructing a list of sheets suitable for replication on level:'MASTER_L', file:'MASTER.kicad_sch'
06-11 19:17:02 com_github_MitjaNemec_ReplicateLayout.replicate_layout 509:suitable sheets are:[['MASTER_R']]
06-11 19:17:02 com_github_MitjaNemec_ReplicateLayout.action_replicate_layout 240:Replicating layout
06-11 19:17:02 com_github_MitjaNemec_ReplicateLayout.replicate_layout 288:Starting replication of sheets: [['MASTER_R']]
on level: ['MASTER_L']
with tracks=False, zone=False, text=False, text=False, intersecting=False, remove=False, locked footprints=False, group_only=False
06-11 19:17:02 root 332:updating GUI message: 'Preparing for replication'
06-11 19:17:02 com_github_MitjaNemec_ReplicateLayout.replicate_layout 358:Getting the list of source footprints
06-11 19:17:02 root 337:updating GUI with: 0
06-11 19:17:02 com_github_MitjaNemec_ReplicateLayout.replicate_layout 368:Getting the list of all the remaining footprints
06-11 19:17:02 com_github_MitjaNemec_ReplicateLayout.replicate_layout 375:Getting source tracks
06-11 19:17:02 com_github_MitjaNemec_ReplicateLayout.replicate_layout 1331:Filtering list of tracks
06-11 19:17:02 com_github_MitjaNemec_ReplicateLayout.replicate_layout 379:Getting source zones
06-11 19:17:02 com_github_MitjaNemec_ReplicateLayout.replicate_layout 383:Getting source text items
06-11 19:17:02 root 337:updating GUI with: 66
06-11 19:17:02 com_github_MitjaNemec_ReplicateLayout.replicate_layout 387:Getting source drawing items
06-11 19:17:02 root 337:updating GUI with: 83
06-11 19:17:02 root 332:updating GUI message: 'Replicating footprints'
06-11 19:17:02 com_github_MitjaNemec_ReplicateLayout.replicate_layout 861:Replicating footprints
06-11 19:17:02 root 337:updating GUI with: 0
06-11 19:17:02 com_github_MitjaNemec_ReplicateLayout.replicate_layout 868:Replicating footprints on sheet ['MASTER_R']
06-11 19:17:02 com_github_MitjaNemec_ReplicateLayout.replicate_layout 985:Src text UUid:87e92572-9913-4ba0-9741-f2c930882322
06-11 19:17:02 com_github_MitjaNemec_ReplicateLayout.replicate_layout 986:Dst text UUid:d9cd95d6-6ab7-4819-af1c-2b9d391dafb6
06-11 19:17:02 com_github_MitjaNemec_ReplicateLayout.replicate_layout 985:Src text UUid:741d9922-1e44-4c48-bf58-1307b2282f74
06-11 19:17:02 com_github_MitjaNemec_ReplicateLayout.replicate_layout 986:Dst text UUid:9bbc63dc-2be9-4ed0-8ec2-bdf195de11dd
06-11 19:17:02 com_github_MitjaNemec_ReplicateLayout.replicate_layout 985:Src text UUid:4c00da2d-c1ac-421d-ab11-69276d6c875b
06-11 19:17:02 com_github_MitjaNemec_ReplicateLayout.replicate_layout 986:Dst text UUid:0c1ec00f-ce6e-4a5e-8dd8-9734768ba731
06-11 19:17:03 com_github_MitjaNemec_ReplicateLayout.action_replicate_layout 305:Fatal error when running Replicate layout plugin
Traceback (most recent call last):
  File "/home/facultate/.var/app/org.kicad.KiCad/data/kicad/8.0/3rdparty/plugins/com_github_MitjaNemec_ReplicateLayout/action_replicate_layout.py", line 252, in on_ok
    self.replicator.replicate_layout(self.src_anchor_fp, self.src_anchor_fp.sheet_id[0:level + 1],
  File "/home/facultate/.var/app/org.kicad.KiCad/data/kicad/8.0/3rdparty/plugins/com_github_MitjaNemec_ReplicateLayout/replicate_layout.py", line 326, in replicate_layout
    self.replicate_footprints(settings)
  File "/home/facultate/.var/app/org.kicad.KiCad/data/kicad/8.0/3rdparty/plugins/com_github_MitjaNemec_ReplicateLayout/replicate_layout.py", line 890, in replicate_footprints
    dst_fp = self.match_fp_in_list(src_fp, dst_footprints)
             ^^^^^^^^^^^^^^^^^^^^^^^^^^^^^^^^^^^^^^^^^^^^^
  File "/home/facultate/.var/app/org.kicad.KiCad/data/kicad/8.0/3rdparty/plugins/com_github_MitjaNemec_ReplicateLayout/replicate_layout.py", line 853, in match_fp_in_list
    raise LookupError("Can not find destination footprint for source footprint: " + repr(src_fp.ref)
                                                                                         ^^^^^^
NameError: name 'src_fp' is not defined
