06-11 12:53:33 com_github_MitjaNemec_PlaceFootprints.action_place_footprints 647:Plugin executed on: 'linux'
06-11 12:53:33 com_github_MitjaNemec_PlaceFootprints.action_place_footprints 648:Plugin executed with python version: '3.11.9 (main, Nov 10 2011, 15:00:00) [GCC 13.2.0]'
06-11 12:53:33 com_github_MitjaNemec_PlaceFootprints.action_place_footprints 649:KiCad build version: 8.0.2
06-11 12:53:33 com_github_MitjaNemec_PlaceFootprints.action_place_footprints 650:Plugin version: 3.0.0
06-11 12:53:33 com_github_MitjaNemec_PlaceFootprints.action_place_footprints 651:Frame repr: <wx._core.Frame object at 0x71ed2574a3b0>
06-11 12:53:33 com_github_MitjaNemec_PlaceFootprints.place_footprints 121:getting a list of all footprints on board
06-11 12:53:33 com_github_MitjaNemec_PlaceFootprints.place_footprints 156:Footprint J2 on root level
06-11 12:53:33 com_github_MitjaNemec_PlaceFootprints.place_footprints 156:Footprint SW1 on root level
06-11 12:53:33 com_github_MitjaNemec_PlaceFootprints.place_footprints 156:Footprint J4 on root level
06-11 12:53:33 com_github_MitjaNemec_PlaceFootprints.place_footprints 156:Footprint J1 on root level
06-11 12:53:33 com_github_MitjaNemec_PlaceFootprints.place_footprints 156:Footprint J3 on root level
06-11 12:53:33 com_github_MitjaNemec_PlaceFootprints.place_footprints 156:Footprint SW3 on root level
06-11 12:53:33 com_github_MitjaNemec_PlaceFootprints.place_footprints 156:Footprint SW2 on root level
06-11 12:53:34 com_github_MitjaNemec_PlaceFootprints.action_place_footprints 830:Reference designator is: RV
06-11 12:53:34 com_github_MitjaNemec_PlaceFootprints.action_place_footprints 831:Reference number is: 15
06-11 12:53:34 com_github_MitjaNemec_PlaceFootprints.action_place_footprints 863:Sorted and filtered list:
['RV1', 'RV2', 'RV3', 'RV4', 'RV5', 'RV6', 'RV7', 'RV8', 'RV9', 'RV10', 'RV11', 'RV12', 'RV13', 'RV14', 'RV15', 'RV16']
06-11 12:53:34 com_github_MitjaNemec_PlaceFootprints.action_place_footprints 359:wx.Colour(48, 48, 48, 255)
06-11 12:53:38 com_github_MitjaNemec_PlaceFootprints.action_place_footprints 490:'0'
06-11 12:53:38 com_github_MitjaNemec_PlaceFootprints.action_place_footprints 536:Preparing config for reference linear
06-11 12:53:38 com_github_MitjaNemec_PlaceFootprints.action_place_footprints 556:Saving config file
06-11 12:53:38 com_github_MitjaNemec_PlaceFootprints.action_place_footprints 558:Saved the config file
06-11 12:53:38 com_github_MitjaNemec_PlaceFootprints.action_place_footprints 901:Footprints to place:
['RV16']
06-11 12:53:38 com_github_MitjaNemec_PlaceFootprints.place_footprints 367:Starting placing with linear layout
06-11 12:53:38 com_github_MitjaNemec_PlaceFootprints.action_place_footprints 945:Fatal error when executing place footprints
Traceback (most recent call last):
  File "/home/facultate/.var/app/org.kicad.KiCad/data/kicad/8.0/3rdparty/plugins/com_github_MitjaNemec_PlaceFootprints/action_place_footprints.py", line 940, in Run
    placer.place_linear(footprints_to_place, ref_fp_ref, step_x, step_y, step, rotation,
  File "/home/facultate/.var/app/org.kicad.KiCad/data/kicad/8.0/3rdparty/plugins/com_github_MitjaNemec_PlaceFootprints/place_footprints.py", line 377, in place_linear
    ref_fp_index = footprints.index(ref_fp)
                   ^^^^^^^^^^^^^^^^^^^^^^^^
ValueError: Footprint(ref='RV15', fp=<pcbnew.FOOTPRINT; proxy of <Swig Object of type 'FOOTPRINT *' at 0x71ed257c1ef0> >, fp_id='E6E6071A-89EE-461F-89F3-978D729034B7', sheet_id=['PREAMP-EQ_L3'], filename=['PREAMP-EQ.kicad_sch']) is not in list
